============================= test session starts =============================
platform win32 -- Python 3.14.0, pytest-9.0.2, pluggy-1.6.0
rootdir: C:\Users\sagar\Downloads\Automated_Offer_Letter_Generator\backend
plugins: anyio-4.12.0, cov-7.0.0
collected 4 items

tests\test_api.py ..F.                                                   [100%]

================================== FAILURES ===================================
_____________________________ test_get_employees ______________________________

client = <starlette.testclient.TestClient object at 0x000001F616D830E0>

    def test_get_employees(client):
        mock_db.employees.insert_one({"name": "Fake Employee", "email": "fake@test.com", "status": "Pending"})
    
        response = client.get("/employees/")
        assert response.status_code == 200
        data = response.json()
>       assert len(data) == 1
E       AssertionError: assert 2 == 1
E        +  where 2 = len([{'compensation': {'allowances': 405800.0, 'basic_salary': 400000.0, 'conveyance': 19200.0, 'ctc': 1000000.0, ...}, 'd... 'jane@test.com', ...}, {'compensation': None, 'department': None, 'designation': None, 'email': 'fake@test.com', ...}])

tests\test_api.py:46: AssertionError
---------------------------- Captured stderr call -----------------------------
INFO:app.main:Incoming request: GET http://testserver/employees/
INFO:app.main:Response status: 200
INFO:httpx:HTTP Request: GET http://testserver/employees/ "HTTP/1.1 200 OK"
------------------------------ Captured log call ------------------------------
INFO     app.main:main.py:19 Incoming request: GET http://testserver/employees/
INFO     app.main:main.py:21 Response status: 200
INFO     httpx:_client.py:1025 HTTP Request: GET http://testserver/employees/ "HTTP/1.1 200 OK"
============================== warnings summary ===============================
..\..\..\AppData\Local\Programs\Python\Python314\Lib\site-packages\bson\__init__.py:116
  C:\Users\sagar\AppData\Local\Programs\Python\Python314\Lib\site-packages\bson\__init__.py:116: DeprecationWarning: datetime.datetime.utcfromtimestamp() is deprecated and scheduled for removal in a future version. Use timezone-aware objects to represent datetimes in UTC: datetime.datetime.fromtimestamp(timestamp, datetime.UTC).
    EPOCH_NAIVE = datetime.datetime.utcfromtimestamp(0)

app\schemas.py:39
  C:\Users\sagar\Downloads\Automated_Offer_Letter_Generator\backend\app\schemas.py:39: PydanticDeprecatedSince20: Support for class-based `config` is deprecated, use ConfigDict instead. Deprecated in Pydantic V2.0 to be removed in V3.0. See Pydantic V2 Migration Guide at https://errors.pydantic.dev/2.12/migration/
    class Employee(EmployeeBase):

app\schemas.py:62
  C:\Users\sagar\Downloads\Automated_Offer_Letter_Generator\backend\app\schemas.py:62: PydanticDeprecatedSince20: Support for class-based `config` is deprecated, use ConfigDict instead. Deprecated in Pydantic V2.0 to be removed in V3.0. See Pydantic V2 Migration Guide at https://errors.pydantic.dev/2.12/migration/
    class Payroll(PayrollBase):

app\schemas.py:71
  C:\Users\sagar\Downloads\Automated_Offer_Letter_Generator\backend\app\schemas.py:71: PydanticDeprecatedSince20: Support for class-based `config` is deprecated, use ConfigDict instead. Deprecated in Pydantic V2.0 to be removed in V3.0. See Pydantic V2 Migration Guide at https://errors.pydantic.dev/2.12/migration/
    class LetterRequest(BaseModel):

app\schemas.py:80
  C:\Users\sagar\Downloads\Automated_Offer_Letter_Generator\backend\app\schemas.py:80: PydanticDeprecatedSince20: Support for class-based `config` is deprecated, use ConfigDict instead. Deprecated in Pydantic V2.0 to be removed in V3.0. See Pydantic V2 Migration Guide at https://errors.pydantic.dev/2.12/migration/
    class EmailRequest(BaseModel):

app\routes\agreement_company.py:39
  C:\Users\sagar\Downloads\Automated_Offer_Letter_Generator\backend\app\routes\agreement_company.py:39: PydanticDeprecatedSince20: Support for class-based `config` is deprecated, use ConfigDict instead. Deprecated in Pydantic V2.0 to be removed in V3.0. See Pydantic V2 Migration Guide at https://errors.pydantic.dev/2.12/migration/
    class CompanyResponse(CompanyBase):

tests/test_api.py::test_create_employee
  C:\Users\sagar\Downloads\Automated_Offer_Letter_Generator\backend\app\routes\employee.py:27: PydanticDeprecatedSince20: The `dict` method is deprecated; use `model_dump` instead. Deprecated in Pydantic V2.0 to be removed in V3.0. See Pydantic V2 Migration Guide at https://errors.pydantic.dev/2.12/migration/
    emp_data = employee.dict()

tests/test_api.py::test_create_employee
  C:\Users\sagar\Downloads\Automated_Offer_Letter_Generator\backend\app\routes\employee.py:84: DeprecationWarning: datetime.datetime.utcnow() is deprecated and scheduled for removal in a future version. Use timezone-aware objects to represent datetimes in UTC: datetime.datetime.now(datetime.UTC).
    "created_at": datetime.utcnow(),

-- Docs: https://docs.pytest.org/en/stable/how-to/capture-warnings.html
=========================== short test summary info ===========================
FAILED tests/test_api.py::test_get_employees - AssertionError: assert 2 == 1
=================== 1 failed, 3 passed, 8 warnings in 2.07s ===================
