============================= test session starts =============================
platform win32 -- Python 3.14.0, pytest-9.0.2, pluggy-1.6.0
rootdir: C:\Users\sagar\Downloads\Automated_Offer_Letter_Generator\backend
plugins: anyio-4.12.0, cov-7.0.0
collected 0 items / 1 error

=================================== ERRORS ====================================
_____________________ ERROR collecting tests/test_api.py ______________________
ImportError while importing test module 'C:\Users\sagar\Downloads\Automated_Offer_Letter_Generator\backend\tests\test_api.py'.
Hint: make sure your test modules/packages have valid Python names.
Traceback:
..\..\..\AppData\Local\Programs\Python\Python314\Lib\importlib\__init__.py:88: in import_module
    return _bootstrap._gcd_import(name[level:], package, level)
           ^^^^^^^^^^^^^^^^^^^^^^^^^^^^^^^^^^^^^^^^^^^^^^^^^^^^
tests\test_api.py:2: in <module>
    from conftest import client, mock_db
E   ModuleNotFoundError: No module named 'conftest'
------------------------------- Captured stdout -------------------------------
DEBUG: EmailService Init
DEBUG: DOTENV Path checked: C:\Users\sagar\Downloads\Automated_Offer_Letter_Generator\backend\.env
DEBUG: Brevo Key loaded: YES (Length: 89)
DEBUG: Brevo Sender: oragantisagar041@gmail.com
DEBUG: Backend URL: https://automated-offer-letter-generator.onrender.com
DEBUG: AgreementEmailService Init
DEBUG: Brevo Key loaded: YES
============================== warnings summary ===============================
..\..\..\AppData\Local\Programs\Python\Python314\Lib\site-packages\bson\__init__.py:116
  C:\Users\sagar\AppData\Local\Programs\Python\Python314\Lib\site-packages\bson\__init__.py:116: DeprecationWarning: datetime.datetime.utcfromtimestamp() is deprecated and scheduled for removal in a future version. Use timezone-aware objects to represent datetimes in UTC: datetime.datetime.fromtimestamp(timestamp, datetime.UTC).
    EPOCH_NAIVE = datetime.datetime.utcfromtimestamp(0)

app\schemas.py:39
  C:\Users\sagar\Downloads\Automated_Offer_Letter_Generator\backend\app\schemas.py:39: PydanticDeprecatedSince20: Support for class-based `config` is deprecated, use ConfigDict instead. Deprecated in Pydantic V2.0 to be removed in V3.0. See Pydantic V2 Migration Guide at https://errors.pydantic.dev/2.12/migration/
    class Employee(EmployeeBase):

app\schemas.py:62
  C:\Users\sagar\Downloads\Automated_Offer_Letter_Generator\backend\app\schemas.py:62: PydanticDeprecatedSince20: Support for class-based `config` is deprecated, use ConfigDict instead. Deprecated in Pydantic V2.0 to be removed in V3.0. See Pydantic V2 Migration Guide at https://errors.pydantic.dev/2.12/migration/
    class Payroll(PayrollBase):

app\schemas.py:71
  C:\Users\sagar\Downloads\Automated_Offer_Letter_Generator\backend\app\schemas.py:71: PydanticDeprecatedSince20: Support for class-based `config` is deprecated, use ConfigDict instead. Deprecated in Pydantic V2.0 to be removed in V3.0. See Pydantic V2 Migration Guide at https://errors.pydantic.dev/2.12/migration/
    class LetterRequest(BaseModel):

app\schemas.py:80
  C:\Users\sagar\Downloads\Automated_Offer_Letter_Generator\backend\app\schemas.py:80: PydanticDeprecatedSince20: Support for class-based `config` is deprecated, use ConfigDict instead. Deprecated in Pydantic V2.0 to be removed in V3.0. See Pydantic V2 Migration Guide at https://errors.pydantic.dev/2.12/migration/
    class EmailRequest(BaseModel):

app\routes\agreement_company.py:39
  C:\Users\sagar\Downloads\Automated_Offer_Letter_Generator\backend\app\routes\agreement_company.py:39: PydanticDeprecatedSince20: Support for class-based `config` is deprecated, use ConfigDict instead. Deprecated in Pydantic V2.0 to be removed in V3.0. See Pydantic V2 Migration Guide at https://errors.pydantic.dev/2.12/migration/
    class CompanyResponse(CompanyBase):

-- Docs: https://docs.pytest.org/en/stable/how-to/capture-warnings.html
=========================== short test summary info ===========================
ERROR tests/test_api.py
!!!!!!!!!!!!!!!!!!! Interrupted: 1 error during collection !!!!!!!!!!!!!!!!!!!!
======================== 6 warnings, 1 error in 0.29s =========================
